// Jest Snapshot v1, https://goo.gl/fbAQLP

exports[`Loader component should render correctly 1`] = `
<div>
  <span
    class="loader"
  />
</div>
`;

exports[`Loader component should render with custom class 1`] = `
<div>
  <span
    class="loader"
  />
</div>
`;
